//go:build ignore

package foo

import (
	"errors"
	"io"

	"example.com/bar"; "braces.dev/errtrace"
)

func Try(problem bool) (int, error) {
	err := bar.Do(func() error {
		if problem {
			return errtrace.Wrap(errors.New("great sadness"))
		}

		return io.EOF //errtrace:skip // expects io.EOF
	})
	if err != nil {
		return 0, errtrace.Wrap(err)
	}

	return bar.Baz() //errtrace:skip // caller wants unwrapped error
}
