//go:build ignore

package foo

import (
	"errors"
	"io"

	"example.com/bar"; "braces.dev/errtrace"
)

func Try(problem bool) (int, error) {
	err := bar.Do(func() error {
		if problem {
			return errtrace.Wrap(errors.New("great sadness"))
		}

		return io.EOF //nolint:errwrap //errtrace:skip(expects io.EOF)
	})
	if err != nil {
		return 0, errtrace.Wrap(err)
	}

	return bar.Baz() //errtrace:skip // caller wants unwrapped error
}

func unused() error {
	return nil //errtrace:skip // want:"unused errtrace:skip"
}

func multipleReturns() (a, b error) {
	return errtrace.Wrap(errors.New("a")),
		errors.New("b") //errtrace:skip
}

// Explanation of why this function
// is not using //errtrace:skip should not
// trip up the warning.
func notUsingSkip() error {
	return nil
}
